// Jest Snapshot v1, https://goo.gl/fbAQLP

exports[`renders correctly 1`] = `
<div>
  <h1
    class="mb-5 font-Inter text-2xl"
  >
    What I've read this year
  </h1>
  <div
    class="grid grid-flow-row xs:grid-cols-1 md:grid-cols-2 lg:grid-cols-1 xl:grid-cols-2"
  />
  <h2
    class="mb-2 mt-5 font-Inter text-xl"
  >
    Past years
  </h2>
  <div
    class="grid-cols-2"
  >
    <div
      class="inline-block mr-4"
    >
      <a
        class="text-purple-700 underline transition-all  duration-1000 hover:text-purple-900 hover:underline"
        href="books/2024"
      >
        2024
      </a>
    </div>
    <div
      class="inline-block mr-4"
    >
      <a
        class="text-purple-700 underline transition-all  duration-1000 hover:text-purple-900 hover:underline"
        href="books/2023"
      >
        2023
      </a>
    </div>
    <div
      class="inline-block mr-4"
    >
      <a
        class="text-purple-700 underline transition-all  duration-1000 hover:text-purple-900 hover:underline"
        href="books/2022"
      >
        2022
      </a>
    </div>
    <div
      class="inline-block mr-4"
    >
      <a
        class="text-purple-700 underline transition-all  duration-1000 hover:text-purple-900 hover:underline"
        href="books/2021"
      >
        2021
      </a>
    </div>
    <div
      class="inline-block mr-4"
    >
      <a
        class="text-purple-700 underline transition-all  duration-1000 hover:text-purple-900 hover:underline"
        href="books/2020"
      >
        2020
      </a>
    </div>
    <div
      class="inline-block mr-4"
    >
      <a
        class="text-purple-700 underline transition-all  duration-1000 hover:text-purple-900 hover:underline"
        href="books/2019"
      >
        2019
      </a>
    </div>
    <div
      class="inline-block mr-4"
    >
      <a
        class="text-purple-700 underline transition-all  duration-1000 hover:text-purple-900 hover:underline"
        href="books/2018"
      >
        2018
      </a>
    </div>
    <div
      class="inline-block mr-4"
    >
      <a
        class="text-purple-700 underline transition-all  duration-1000 hover:text-purple-900 hover:underline"
        href="books/2017"
      >
        2017
      </a>
    </div>
    <div
      class="inline-block mr-4"
    >
      <a
        class="text-purple-700 underline transition-all  duration-1000 hover:text-purple-900 hover:underline"
        href="books/2016"
      >
        2016
      </a>
    </div>
    <div
      class="inline-block mr-4"
    >
      <a
        class="text-purple-700 underline transition-all  duration-1000 hover:text-purple-900 hover:underline"
        href="books/2015"
      >
        2015
      </a>
    </div>
    <div
      class="inline-block mr-4"
    >
      <a
        class="text-purple-700 underline transition-all  duration-1000 hover:text-purple-900 hover:underline"
        href="books/2014"
      >
        2014
      </a>
    </div>
    <div
      class="inline-block mr-4"
    >
      <a
        class="text-purple-700 underline transition-all  duration-1000 hover:text-purple-900 hover:underline"
        href="books/2013"
      >
        2013
      </a>
    </div>
    <div
      class="inline-block mr-4"
    >
      <a
        class="text-purple-700 underline transition-all  duration-1000 hover:text-purple-900 hover:underline"
        href="books/2012"
      >
        2012
      </a>
    </div>
    <div
      class="inline-block mr-4"
    >
      <a
        class="text-purple-700 underline transition-all  duration-1000 hover:text-purple-900 hover:underline"
        href="books/2011"
      >
        2011
      </a>
    </div>
    <div
      class="inline-block mr-4"
    >
      <a
        class="text-purple-700 underline transition-all  duration-1000 hover:text-purple-900 hover:underline"
        href="books/2010"
      >
        2010
      </a>
    </div>
    <div
      class="inline-block mr-4"
    >
      <a
        class="text-purple-700 underline transition-all  duration-1000 hover:text-purple-900 hover:underline"
        href="books/2009"
      >
        2009
      </a>
    </div>
    <div
      class="inline-block mr-4"
    >
      <a
        class="text-purple-700 underline transition-all  duration-1000 hover:text-purple-900 hover:underline"
        href="books/2008"
      >
        2008
      </a>
    </div>
  </div>
</div>
`;
