// Jest Snapshot v1, https://goo.gl/fbAQLP

exports[`renders correctly 1`] = `
<div>
  <time
    data-testid="date"
    datetime="2020-09-19"
  >
    September 19, 2020
  </time>
</div>
`;
